173.230.154.150 - - [14/Mar/2014:10:48:22 +0800] "GET /styles/div.css HTTP/1.1" 200 2132 "https://zabbix.service.chinanetcloud.com/" "Mozilla/5.0 (Unknown; Linux i686) AppleWebKit/534.34 (KHTML, like Gecko) CasperJS/1.0.2+Phantomjs/1.9.0 Safari/534.34"
173.230.154.150 - - [14/Mar/2014:10:48:22 +0800] "GET /styles/table.css HTTP/1.1" 200 5700 "https://zabbix.service.chinanetcloud.com/" "Mozilla/5.0 (Unknown; Linux i686) AppleWebKit/534.34 (KHTML, like Gecko) CasperJS/1.0.2+Phantomjs/1.9.0 Safari/534.34"
173.230.154.150 - - [14/Mar/2014:10:48:22 +0800] "GET /styles/form.css HTTP/1.1" 200 560 "https://zabbix.service.chinanetcloud.com/" "Mozilla/5.0 (Unknown; Linux i686) AppleWebKit/534.34 (KHTML, like Gecko) CasperJS/1.0.2+Phantomjs/1.9.0 Safari/534.34"
10.2.1.134 - - [14/Mar/2014:10:48:22 +0800] "POST /dashboard_cnc.php?output=html&sid=521ac29b53a4b83d&upd_counter=49&pmasterid=mainpage HTTP/1.1" 200 32931 "https://zabbix.service.chinanetcloud.com/dashboard_cnc.php?" "Mozilla/5.0 (Macintosh; Intel Mac OS X 10.9; rv:27.0) Gecko/20100101 Firefox/27.0"
10.2.1.134 - - [14/Mar/2014:10:48:22 +0800] "POST /index.php?login=1 HTTP/1.1" 200 123 "https://zabbix.service.chinanetcloud.com/index.php" "Mozilla/5.0 (Windows NT 6.1; WOW64) AppleWebKit/537.36 (KHTML, like Gecko) Chrome/33.0.1750.146 Safari/537.36"
10.2.1.134 - - [14/Mar/2014:10:48:23 +0800] "GET /dashboard.php HTTP/1.1" 200 4282 "https://zabbix.service.chinanetcloud.com/index.php?login=1" "Mozilla/5.0 (Windows NT 6.1; WOW64) AppleWebKit/537.36 (KHTML, like Gecko) Chrome/33.0.1750.146 Safari/537.36"
10.2.1.134 - - [14/Mar/2014:10:48:23 +0800] "GET /jsLoader.php?ver=1.8.3&lang=en_gb HTTP/1.1" 200 89599 "https://zabbix.service.chinanetcloud.com/dashboard.php" "Mozilla/5.0 (Windows NT 6.1; WOW64) AppleWebKit/537.36 (KHTML, like Gecko) Chrome/33.0.1750.146 Safari/537.36"
10.2.1.134 - - [14/Mar/2014:10:48:23 +0800] "GET /jsLoader.php?ver=1.8.3&lang=en_gb&files[]=class.pmaster.js HTTP/1.1" 200 2841 "https://zabbix.service.chinanetcloud.com/dashboard.php" "Mozilla/5.0 (Windows NT 6.1; WOW64) AppleWebKit/537.36 (KHTML, like Gecko) Chrome/33.0.1750.146 Safari/537.36"
10.2.1.134 - - [14/Mar/2014:10:48:23 +0800] "POST /dashboard.php?output=html&sid=fe9d82a7bbcb43f8&upd_counter=25&pmasterid=mainpage HTTP/1.1" 200 576 "https://zabbix.service.chinanetcloud.com/dashboard.php" "Mozilla/5.0 (X11; Ubuntu; Linux x86_64; rv:23.0) Gecko/20100101 Firefox/23.0"
173.230.154.150 - - [14/Mar/2014:10:48:23 +0800] "GET /styles/ul.css HTTP/1.1" 200 621 "https://zabbix.service.chinanetcloud.com/" "Mozilla/5.0 (Unknown; Linux i686) AppleWebKit/534.34 (KHTML, like Gecko) CasperJS/1.0.2+Phantomjs/1.9.0 Safari/534.34"
10.2.1.134 - - [14/Mar/2014:10:48:23 +0800] "POST /jsrpc.php?output=json-rpc HTTP/1.1" 200 395 "https://zabbix.service.chinanetcloud.com/dashboard.php" "Mozilla/5.0 (Windows NT 6.1; WOW64) AppleWebKit/537.36 (KHTML, like Gecko) Chrome/33.0.1750.146 Safari/537.36"
173.230.154.150 - - [14/Mar/2014:10:48:23 +0800] "GET /styles/p.css HTTP/1.1" 200 741 "https://zabbix.service.chinanetcloud.com/" "Mozilla/5.0 (Unknown; Linux i686) AppleWebKit/534.34 (KHTML, like Gecko) CasperJS/1.0.2+Phantomjs/1.9.0 Safari/534.34"
10.2.1.134 - - [14/Mar/2014:10:48:23 +0800] "POST /dashboard.php?output=html&sid=fe9d82a7bbcb43f8&upd_counter=10&pmasterid=mainpage HTTP/1.1" 200 4196 "https://zabbix.service.chinanetcloud.com/dashboard.php" "Mozilla/5.0 (X11; Ubuntu; Linux x86_64; rv:23.0) Gecko/20100101 Firefox/23.0"
173.230.154.150 - - [14/Mar/2014:10:48:23 +0800] "GET /styles/blocks.css HTTP/1.1" 200 2031 "https://zabbix.service.chinanetcloud.com/" "Mozilla/5.0 (Unknown; Linux i686) AppleWebKit/534.34 (KHTML, like Gecko) CasperJS/1.0.2+Phantomjs/1.9.0 Safari/534.34"
173.230.154.150 - - [14/Mar/2014:10:48:23 +0800] "GET /styles/popupmenu.css HTTP/1.1" 200 507 "https://zabbix.service.chinanetcloud.com/" "Mozilla/5.0 (Unknown; Linux i686) AppleWebKit/534.34 (KHTML, like Gecko) CasperJS/1.0.2+Phantomjs/1.9.0 Safari/534.34"
173.230.154.150 - - [14/Mar/2014:10:48:23 +0800] "GET /styles/calendar.css HTTP/1.1" 200 639 "https://zabbix.service.chinanetcloud.com/" "Mozilla/5.0 (Unknown; Linux i686) AppleWebKit/534.34 (KHTML, like Gecko) CasperJS/1.0.2+Phantomjs/1.9.0 Safari/534.34"
10.2.1.134 - - [14/Mar/2014:10:48:23 +0800] "POST /dashboard.php?output=html&sid=7429567afcf39162&upd_counter=0&pmasterid=mainpage HTTP/1.1" 200 2936 "https://zabbix.service.chinanetcloud.com/dashboard.php" "Mozilla/5.0 (Windows NT 6.1; WOW64) AppleWebKit/537.36 (KHTML, like Gecko) Chrome/33.0.1750.146 Safari/537.36"
10.2.1.134 - - [14/Mar/2014:10:48:24 +0800] "-" 400 0 "-" "-"
173.230.154.150 - - [14/Mar/2014:10:48:24 +0800] "GET /images/gradients/button.gif HTTP/1.1" 200 1706 "https://zabbix.service.chinanetcloud.com/" "Mozilla/5.0 (Unknown; Linux i686) AppleWebKit/534.34 (KHTML, like Gecko) CasperJS/1.0.2+Phantomjs/1.9.0 Safari/534.34"
173.230.154.150 - - [14/Mar/2014:10:48:24 +0800] "GET /images/gradients/table_head.gif HTTP/1.1" 200 3004 "https://zabbix.service.chinanetcloud.com/" "Mozilla/5.0 (Unknown; Linux i686) AppleWebKit/534.34 (KHTML, like Gecko) CasperJS/1.0.2+Phantomjs/1.9.0 Safari/534.34"
173.230.154.150 - - [14/Mar/2014:10:48:24 +0800] "GET /images/gradients/menu_not_active.gif HTTP/1.1" 200 1654 "https://zabbix.service.chinanetcloud.com/" "Mozilla/5.0 (Unknown; Linux i686) AppleWebKit/534.34 (KHTML, like Gecko) CasperJS/1.0.2+Phantomjs/1.9.0 Safari/534.34"
173.230.154.150 - - [14/Mar/2014:10:48:24 +0800] "GET /images/gradients/table_head2.gif HTTP/1.1" 200 3728 "https://zabbix.service.chinanetcloud.com/" "Mozilla/5.0 (Unknown; Linux i686) AppleWebKit/534.34 (KHTML, like Gecko) CasperJS/1.0.2+Phantomjs/1.9.0 Safari/534.34"
173.230.154.150 - - [14/Mar/2014:10:48:24 +0800] "GET /images/general/zabbix.png HTTP/1.1" 200 3982 "https://zabbix.service.chinanetcloud.com/" "Mozilla/5.0 (Unknown; Linux i686) AppleWebKit/534.34 (KHTML, like Gecko) CasperJS/1.0.2+Phantomjs/1.9.0 Safari/534.34"
173.230.154.150 - - [14/Mar/2014:10:48:24 +0800] "GET /images/general/bttn/help.png HTTP/1.1" 200 360 "https://zabbix.service.chinanetcloud.com/" "Mozilla/5.0 (Unknown; Linux i686) AppleWebKit/534.34 (KHTML, like Gecko) CasperJS/1.0.2+Phantomjs/1.9.0 Safari/534.34"